apiVersion: apps/v1
kind: Deployment
metadata:
  creationTimestamp: null
  name: redis
spec:
  selector:
    matchLabels:
      app: redis
  strategy: {}
  template:
    metadata:
      annotations:
        linkerd.io/created-by: linkerd/cli undefined
        linkerd.io/proxy-version: undefined
      creationTimestamp: null
      labels:
        app: redis
        linkerd.io/control-plane-ns: linkerd
        linkerd.io/proxy-deployment: redis
    spec:
      containers:
      - image: redis
        name: redis
        ports:
        - containerPort: 6379
          name: server
        resources: {}
      - env:
        - name: LINKERD2_PROXY_LOG
          value: warn,linkerd2_proxy=info
        - name: LINKERD2_PROXY_BIND_TIMEOUT
          value: 10s
        - name: LINKERD2_PROXY_CONTROL_URL
          value: tcp://proxy-api.linkerd.svc.cluster.local:8086
        - name: LINKERD2_PROXY_CONTROL_LISTENER
          value: tcp://0.0.0.0:4190
        - name: LINKERD2_PROXY_METRICS_LISTENER
          value: tcp://0.0.0.0:4191
        - name: LINKERD2_PROXY_OUTBOUND_LISTENER
          value: tcp://127.0.0.1:4140
        - name: LINKERD2_PROXY_INBOUND_LISTENER
          value: tcp://0.0.0.0:4143
        - name: LINKERD2_PROXY_POD_NAMESPACE
          valueFrom:
            fieldRef:
              fieldPath: metadata.namespace
        image: gcr.io/linkerd-io/proxy:undefined
        imagePullPolicy: IfNotPresent
        livenessProbe:
          httpGet:
            path: /metrics
            port: 4191
          initialDelaySeconds: 10
        name: linkerd-proxy
        ports:
        - containerPort: 4143
          name: linkerd-proxy
        - containerPort: 4191
          name: linkerd-metrics
        readinessProbe:
          httpGet:
            path: /metrics
            port: 4191
        resources: {}
        securityContext:
          runAsUser: 2102
        terminationMessagePolicy: FallbackToLogsOnError
      initContainers:
      - args:
        - --incoming-proxy-port
        - "4143"
        - --outgoing-proxy-port
        - "4140"
        - --proxy-uid
        - "2102"
        - --inbound-ports-to-ignore
        - 4190,4191
        image: gcr.io/linkerd-io/proxy-init:undefined
        imagePullPolicy: IfNotPresent
        name: linkerd-init
        resources: {}
        securityContext:
          capabilities:
            add:
            - NET_ADMIN
          privileged: false
        terminationMessagePolicy: FallbackToLogsOnError
status: {}
---
apiVersion: apps/v1
kind: Deployment
metadata:
  creationTimestamp: null
  name: nginx
spec:
  selector:
    matchLabels:
      app: nginx
  strategy: {}
  template:
    metadata:
      annotations:
        linkerd.io/created-by: linkerd/cli undefined
        linkerd.io/proxy-version: undefined
      creationTimestamp: null
      labels:
        app: nginx
        linkerd.io/control-plane-ns: linkerd
        linkerd.io/proxy-deployment: nginx
    spec:
      containers:
      - image: nginx
        name: nginx
        ports:
        - containerPort: 80
          name: http
        resources: {}
      - env:
        - name: LINKERD2_PROXY_LOG
          value: warn,linkerd2_proxy=info
        - name: LINKERD2_PROXY_BIND_TIMEOUT
          value: 10s
        - name: LINKERD2_PROXY_CONTROL_URL
          value: tcp://proxy-api.linkerd.svc.cluster.local:8086
        - name: LINKERD2_PROXY_CONTROL_LISTENER
          value: tcp://0.0.0.0:4190
        - name: LINKERD2_PROXY_METRICS_LISTENER
          value: tcp://0.0.0.0:4191
        - name: LINKERD2_PROXY_OUTBOUND_LISTENER
          value: tcp://127.0.0.1:4140
        - name: LINKERD2_PROXY_INBOUND_LISTENER
          value: tcp://0.0.0.0:4143
        - name: LINKERD2_PROXY_POD_NAMESPACE
          valueFrom:
            fieldRef:
              fieldPath: metadata.namespace
        image: gcr.io/linkerd-io/proxy:undefined
        imagePullPolicy: IfNotPresent
        livenessProbe:
          httpGet:
            path: /metrics
            port: 4191
          initialDelaySeconds: 10
        name: linkerd-proxy
        ports:
        - containerPort: 4143
          name: linkerd-proxy
        - containerPort: 4191
          name: linkerd-metrics
        readinessProbe:
          httpGet:
            path: /metrics
            port: 4191
        resources: {}
        securityContext:
          runAsUser: 2102
        terminationMessagePolicy: FallbackToLogsOnError
      initContainers:
      - args:
        - --incoming-proxy-port
        - "4143"
        - --outgoing-proxy-port
        - "4140"
        - --proxy-uid
        - "2102"
        - --inbound-ports-to-ignore
        - 4190,4191
        image: gcr.io/linkerd-io/proxy-init:undefined
        imagePullPolicy: IfNotPresent
        name: linkerd-init
        resources: {}
        securityContext:
          capabilities:
            add:
            - NET_ADMIN
          privileged: false
        terminationMessagePolicy: FallbackToLogsOnError
status: {}
---
