apiVersion: apps/v1beta1
kind: Deployment
metadata:
  creationTimestamp: null
  name: get-test-deploy-injected-1
spec:
  strategy: {}
  template:
    metadata:
      annotations:
        linkerd.io/created-by: linkerd/cli undefined
        linkerd.io/proxy-version: testinjectversion
      creationTimestamp: null
      labels:
        app: get-test
        linkerd.io/control-plane-ns: linkerd
        linkerd.io/proxy-deployment: get-test-deploy-injected-1
    spec:
      containers:
      - args:
        - terminus
        - --grpc-server-port
        - "9090"
        - --response-text
        - c1
        image: buoyantio/bb:v1
        name: http-to-grpc-two-replicas-c1
        ports:
        - containerPort: 9090
        resources: {}
      - args:
        - terminus
        - --grpc-server-port
        - "8080"
        - --response-text
        - c2
        image: buoyantio/bb:v1
        name: http-to-grpc-two-replicas-c2
        ports:
        - containerPort: 9090
        resources: {}
      - env:
        - name: LINKERD2_PROXY_LOG
          value: warn,linkerd2_proxy=info
        - name: LINKERD2_PROXY_BIND_TIMEOUT
          value: 10s
        - name: LINKERD2_PROXY_CONTROL_URL
          value: tcp://proxy-api.linkerd.svc.cluster.local:8086
        - name: LINKERD2_PROXY_CONTROL_LISTENER
          value: tcp://0.0.0.0:4190
        - name: LINKERD2_PROXY_METRICS_LISTENER
          value: tcp://0.0.0.0:4191
        - name: LINKERD2_PROXY_OUTBOUND_LISTENER
          value: tcp://127.0.0.1:4140
        - name: LINKERD2_PROXY_INBOUND_LISTENER
          value: tcp://0.0.0.0:4143
        - name: LINKERD2_PROXY_POD_NAMESPACE
          valueFrom:
            fieldRef:
              fieldPath: metadata.namespace
        image: gcr.io/linkerd-io/proxy:testinjectversion
        imagePullPolicy: IfNotPresent
        livenessProbe:
          httpGet:
            path: /metrics
            port: 4191
          initialDelaySeconds: 10
        name: linkerd-proxy
        ports:
        - containerPort: 4143
          name: linkerd-proxy
        - containerPort: 4191
          name: linkerd-metrics
        readinessProbe:
          httpGet:
            path: /metrics
            port: 4191
        resources: {}
        securityContext:
          runAsUser: 2102
        terminationMessagePolicy: FallbackToLogsOnError
      initContainers:
      - args:
        - --incoming-proxy-port
        - "4143"
        - --outgoing-proxy-port
        - "4140"
        - --proxy-uid
        - "2102"
        - --inbound-ports-to-ignore
        - 4190,4191
        image: gcr.io/linkerd-io/proxy-init:testinjectversion
        imagePullPolicy: IfNotPresent
        name: linkerd-init
        resources: {}
        securityContext:
          capabilities:
            add:
            - NET_ADMIN
          privileged: false
        terminationMessagePolicy: FallbackToLogsOnError
status: {}
---
apiVersion: apps/v1beta1
kind: Deployment
metadata:
  creationTimestamp: null
  name: get-test-deploy-injected-2
spec:
  strategy: {}
  template:
    metadata:
      annotations:
        linkerd.io/created-by: linkerd/cli undefined
        linkerd.io/proxy-version: testinjectversion
      creationTimestamp: null
      labels:
        app: get-test
        linkerd.io/control-plane-ns: linkerd
        linkerd.io/proxy-deployment: get-test-deploy-injected-2
    spec:
      containers:
      - args:
        - terminus
        - --grpc-server-port
        - "9090"
        - --response-text
        - c1
        image: buoyantio/bb:v1
        name: http-to-grpc-one-replica-c1
        ports:
        - containerPort: 9090
        resources: {}
      - args:
        - terminus
        - --grpc-server-port
        - "8080"
        - --response-text
        - c2
        image: buoyantio/bb:v1
        name: http-to-grpc-one-replica-c2
        ports:
        - containerPort: 9090
        resources: {}
      - env:
        - name: LINKERD2_PROXY_LOG
          value: warn,linkerd2_proxy=info
        - name: LINKERD2_PROXY_BIND_TIMEOUT
          value: 10s
        - name: LINKERD2_PROXY_CONTROL_URL
          value: tcp://proxy-api.linkerd.svc.cluster.local:8086
        - name: LINKERD2_PROXY_CONTROL_LISTENER
          value: tcp://0.0.0.0:4190
        - name: LINKERD2_PROXY_METRICS_LISTENER
          value: tcp://0.0.0.0:4191
        - name: LINKERD2_PROXY_OUTBOUND_LISTENER
          value: tcp://127.0.0.1:4140
        - name: LINKERD2_PROXY_INBOUND_LISTENER
          value: tcp://0.0.0.0:4143
        - name: LINKERD2_PROXY_POD_NAMESPACE
          valueFrom:
            fieldRef:
              fieldPath: metadata.namespace
        image: gcr.io/linkerd-io/proxy:testinjectversion
        imagePullPolicy: IfNotPresent
        livenessProbe:
          httpGet:
            path: /metrics
            port: 4191
          initialDelaySeconds: 10
        name: linkerd-proxy
        ports:
        - containerPort: 4143
          name: linkerd-proxy
        - containerPort: 4191
          name: linkerd-metrics
        readinessProbe:
          httpGet:
            path: /metrics
            port: 4191
        resources: {}
        securityContext:
          runAsUser: 2102
        terminationMessagePolicy: FallbackToLogsOnError
      initContainers:
      - args:
        - --incoming-proxy-port
        - "4143"
        - --outgoing-proxy-port
        - "4140"
        - --proxy-uid
        - "2102"
        - --inbound-ports-to-ignore
        - 4190,4191
        image: gcr.io/linkerd-io/proxy-init:testinjectversion
        imagePullPolicy: IfNotPresent
        name: linkerd-init
        resources: {}
        securityContext:
          capabilities:
            add:
            - NET_ADMIN
          privileged: false
        terminationMessagePolicy: FallbackToLogsOnError
status: {}
---
