[
  {
    "route": "/a",
    "success": 1,
    "rps": 1.5,
    "latency_ms_p50": 123,
    "latency_ms_p95": 123,
    "latency_ms_p99": 123,
    "tls": 1
  },
  {
    "route": "/b",
    "success": 1,
    "rps": 1,
    "latency_ms_p50": 123,
    "latency_ms_p95": 123,
    "latency_ms_p99": 123,
    "tls": 1
  },
  {
    "route": "[UNKNOWN]",
    "success": 1,
    "rps": 0.5,
    "latency_ms_p50": 123,
    "latency_ms_p95": 123,
    "latency_ms_p99": 123,
    "tls": 1
  },
  {
    "route": "/c",
    "success": 0,
    "rps": 0,
    "latency_ms_p50": 123,
    "latency_ms_p95": 123,
    "latency_ms_p99": 123,
    "tls": 0
  }
]
