ROUTE       SUCCESS      RPS   LATENCY_P50   LATENCY_P95   LATENCY_P99    TLS
/a          100.00%   1.5rps         123ms         123ms         123ms   100%
/b          100.00%   1.0rps         123ms         123ms         123ms   100%
/c            0.00%   0.0rps         123ms         123ms         123ms     0%
[UNKNOWN]   100.00%   0.5rps         123ms         123ms         123ms   100%
